FAIL 1999_DOUBLETROUBLE_TheRobot_AppendixH.pdf	0 pages	http=200	https://web.archive.org/web/20001003030423id_/http://www.usfirst.org/1999comp/Manual/TheRobotAppendixH-2.pdf
FAIL 2000_COOPERTITION_TheRobot.pdf	0 pages	http=200	https://web.archive.org/web/20000829075129id_/http://www2.usfirst.org/2000comp/TheRobot.pdf
FAIL 2000_COOPERTITION_RobotAppendixH_pt1.pdf	0 pages	http=200	https://web.archive.org/web/20000829075156id_/http://www2.usfirst.org/2000comp/RobotAppendixH-pt1.pdf
FAIL 2000_COOPERTITION_RobotAppendixH_pt2.pdf	0 pages	http=200	https://web.archive.org/web/20000829075232id_/http://www2.usfirst.org/2000comp/RobotAppendixH-pt2.pdf
FAIL 2000_COOPERTITION_RobotAppendixH_pt3.pdf	0 pages	http=200	https://web.archive.org/web/20000829075302id_/http://www2.usfirst.org/2000comp/RobotAppendixH-pt3.pdf
FAIL 2000_COOPERTITION_RobotAppendixH_pt4.pdf	0 pages	http=200	https://web.archive.org/web/20000829075331id_/http://www2.usfirst.org/2000comp/RobotAppendixH-pt4.pdf
OK   2003_STACKATTACK_AdminShippingMaterialHandling.pdf	112592B 23p	http=200	https://web.archive.org/web/20030919131948id_/http://www2.usfirst.org/2003comp/Admin_Shipping_Material_Handling.pdf
OK   2003_STACKATTACK_Preface_GameDescription.pdf	7389B 1p	http=200	https://web.archive.org/web/20031203150545id_/http://www2.usfirst.org/2003comp/Preface_single_page_tech_game_desc.pdf
OK   2003_STACKATTACK_Scholarships.pdf	544631B 59p	http=200	https://web.archive.org/web/20031204203801id_/http://www2.usfirst.org/2003comp/Scholarships_03.pdf
OK   2002_ZONEZEAL_RobotAppendixG.pdf	43656B 8p	http=200	https://web.archive.org/web/20050123120757id_/http://www2.usfirst.org/2002comp/robot_appg.pdf
OK   2002_ZONEZEAL_Events.pdf	9378B 1p	http=200	https://web.archive.org/web/20040608152739id_/http://www2.usfirst.org/2002comp/events.pdf
OK   1999_DOUBLETROUBLE_DeanAndWoodieLetters.pdf	18124B 2p	http=200	https://web.archive.org/web/20000531130438id_/http://www.usfirst.org/1999comp/Manual/DeanandWoodieLetters.pdf
OK   2000_COOPERTITION_KitTOC.pdf	30461B 5p	http=200	https://web.archive.org/web/20000829075449id_/http://www2.usfirst.org/2000comp/KitTOC.pdf
OK   1992_MAIZECRAZE_CompetitionManual.pdf	288528B 10p	http=200	https://first-a-holics.com/wp-content/uploads/2019/10/1992comp.pdf
OK   1993_RUGRAGE_CompetitionManual.pdf	961872B 18p	http=200	https://first-a-holics.com/wp-content/uploads/2019/10/1993comp.pdf
OK   1994_TOWERPOWER_Program.pdf	3481755B 11p	http=200	https://first-a-holics.com/wp-content/uploads/2021/12/1994-program.pdf
OK   1994_TOWERPOWER_Updates1.pdf	1179149B 5p	http=200	https://first-a-holics.com/wp-content/uploads/2021/12/1994-updates1.pdf
OK   1994_TOWERPOWER_Updates2.pdf	2207536B 7p	http=200	https://first-a-holics.com/wp-content/uploads/2021/12/1994-updates2.pdf
OK   1995_RAMPNROLL_Manual.pdf	11615003B 27p	http=200	https://first-a-holics.com/wp-content/uploads/2021/12/1995-manual.pdf
OK   1995_RAMPNROLL_Updates.pdf	11033390B 32p	http=200	https://first-a-holics.com/wp-content/uploads/2021/12/1995-updates.pdf
OK   1996_HEXAGONHAVOC_toc.pdf	210263B 4p	http=200	https://first-a-holics.com/wp-content/uploads/2021/12/1996-toc.pdf
OK   1996_HEXAGONHAVOC_thegame.pdf	520411B 11p	http=200	https://first-a-holics.com/wp-content/uploads/2021/12/1996-thegame.pdf
OK   1996_HEXAGONHAVOC_awards.pdf	100760B 2p	http=200	https://first-a-holics.com/wp-content/uploads/2021/12/1996-awards.pdf
OK   1996_HEXAGONHAVOC_administrative.pdf	388665B 7p	http=200	https://first-a-holics.com/wp-content/uploads/2021/12/1996-administrative.pdf
OK   1996_HEXAGONHAVOC_controlsystem.pdf	1007751B 20p	http=200	https://first-a-holics.com/wp-content/uploads/2021/12/1996-controlsystem.pdf
OK   1996_HEXAGONHAVOC_appendixb.pdf	595608B 8p	http=200	https://first-a-holics.com/wp-content/uploads/2021/12/1996-appendixb.pdf
OK   1996_HEXAGONHAVOC_appendixc.pdf	288397B 6p	http=200	https://first-a-holics.com/wp-content/uploads/2021/12/1996-appendixc.pdf
OK   1996_HEXAGONHAVOC_appendixd.pdf	136996B 3p	http=200	https://first-a-holics.com/wp-content/uploads/2021/12/1996-appendixd.pdf
OK   1996_HEXAGONHAVOC_appendixe.pdf	3224619B 51p	http=200	https://first-a-holics.com/wp-content/uploads/2021/12/1996-appendixe.pdf
OK   1996_HEXAGONHAVOC_appendixf.pdf	156148B 3p	http=200	https://first-a-holics.com/wp-content/uploads/2021/12/1996-appendixf.pdf
OK   1996_HEXAGONHAVOC_appendixg.pdf	45086B 1p	http=200	https://first-a-holics.com/wp-content/uploads/2021/12/1996-appendixg.pdf
OK   1996_HEXAGONHAVOC_appendixh.pdf	356840B 8p	http=200	https://first-a-holics.com/wp-content/uploads/2021/12/1996-appendixh.pdf
OK   1997_TOROIDTERROR_covercontents.pdf	178658B 5p	http=200	https://first-a-holics.com/wp-content/uploads/2021/12/1997-covercontents.pdf
OK   1997_TOROIDTERROR_thefield.pdf	627562B 10p	http=200	https://first-a-holics.com/wp-content/uploads/2021/12/1997-thefield.pdf
OK   1997_TOROIDTERROR_therobot.pdf	1068650B 19p	http=200	https://first-a-holics.com/wp-content/uploads/2021/12/1997-therobot.pdf
OK   1997_TOROIDTERROR_awards.pdf	115349B 3p	http=200	https://first-a-holics.com/wp-content/uploads/2021/12/1997-awards.pdf
OK   1997_TOROIDTERROR_administrative.pdf	482711B 11p	http=200	https://first-a-holics.com/wp-content/uploads/2021/12/1997-administrative.pdf
OK   1997_TOROIDTERROR_controlsystem.pdf	797417B 16p	http=200	https://first-a-holics.com/wp-content/uploads/2021/12/1997-controlsystem.pdf
OK   1997_TOROIDTERROR_appendixa.pdf	815431B 13p	http=200	https://first-a-holics.com/wp-content/uploads/2021/12/1997-appendixa.pdf
OK   1997_TOROIDTERROR_appendixc.pdf	123667B 3p	http=200	https://first-a-holics.com/wp-content/uploads/2021/12/1997-appendixc.pdf
OK   1997_TOROIDTERROR_appendixd.pdf	118756B 4p	http=200	https://first-a-holics.com/wp-content/uploads/2021/12/1997-appendixd.pdf
OK   1997_TOROIDTERROR_appendixe.pdf	309438B 7p	http=200	https://first-a-holics.com/wp-content/uploads/2021/12/1997-appendixe.pdf
OK   1997_TOROIDTERROR_appendixf.pdf	109946B 3p	http=200	https://first-a-holics.com/wp-content/uploads/2021/12/1997-appendixf.pdf
OK   1997_TOROIDTERROR_appendixg.pdf	71015B 2p	http=200	https://first-a-holics.com/wp-content/uploads/2021/12/1997-appendixg.pdf
OK   1997_TOROIDTERROR_appendixh.pdf	323538B 9p	http=200	https://first-a-holics.com/wp-content/uploads/2021/12/1997-appendixh.pdf
OK   1997_TOROIDTERROR_appendixi.pdf	396341B 12p	http=200	https://first-a-holics.com/wp-content/uploads/2021/12/1997-appendixi.pdf
OK   1997_TOROIDTERROR_appendixj.pdf	138205B 4p	http=200	https://first-a-holics.com/wp-content/uploads/2021/12/1997-appendixj.pdf
OK   1997_TOROIDTERROR_appendixk.pdf	3192969B 52p	http=200	https://first-a-holics.com/wp-content/uploads/2021/12/1997-appendixk.pdf
OK   1998_LADDERLOGIC_covercontents.pdf	267525B 6p	http=200	https://first-a-holics.com/wp-content/uploads/2021/12/1998-covercontents.pdf
OK   1998_LADDERLOGIC_thegame.pdf	133211B 4p	http=200	https://first-a-holics.com/wp-content/uploads/2021/12/1998-thegame.pdf
OK   1998_LADDERLOGIC_thefield.pdf	129155B 2p	http=200	https://first-a-holics.com/wp-content/uploads/2021/12/1998-thefield.pdf
OK   1998_LADDERLOGIC_therobot.pdf	709727B 16p	http=200	https://first-a-holics.com/wp-content/uploads/2021/12/1998-therobot.pdf
OK   1998_LADDERLOGIC_awards.pdf	244891B 6p	http=200	https://first-a-holics.com/wp-content/uploads/2021/12/1998-awards.pdf
OK   1998_LADDERLOGIC_administrative.pdf	651845B 16p	http=200	https://first-a-holics.com/wp-content/uploads/2021/12/1998-administrative.pdf
OK   1998_LADDERLOGIC_controlsystem.pdf	1627345B 32p	http=200	https://first-a-holics.com/wp-content/uploads/2021/12/1998-controlsystem.pdf
OK   1998_LADDERLOGIC_inspection.pdf	65715B 2p	http=200	https://first-a-holics.com/wp-content/uploads/2021/12/1998-inspection.pdf
OK   1998_LADDERLOGIC_appendixa.pdf	999932B 16p	http=200	https://first-a-holics.com/wp-content/uploads/2021/12/1998-appendixa.pdf
OK   1998_LADDERLOGIC_appendixc.pdf	126465B 4p	http=200	https://first-a-holics.com/wp-content/uploads/2021/12/1998-appendixc.pdf
OK   1998_LADDERLOGIC_appendixd.pdf	128113B 4p	http=200	https://first-a-holics.com/wp-content/uploads/2021/12/1998-appendixd.pdf
OK   1998_LADDERLOGIC_appendixe.pdf	433206B 10p	http=200	https://first-a-holics.com/wp-content/uploads/2021/12/1998-appendixe.pdf
OK   1998_LADDERLOGIC_appendixf.pdf	119433B 4p	http=200	https://first-a-holics.com/wp-content/uploads/2021/12/1998-appendixf.pdf
OK   1998_LADDERLOGIC_appendixg.pdf	82221B 2p	http=200	https://first-a-holics.com/wp-content/uploads/2021/12/1998-appendixg.pdf
OK   1998_LADDERLOGIC_appendixh.pdf	105094B 4p	http=200	https://first-a-holics.com/wp-content/uploads/2021/12/1998-appendixh.pdf
OK   1998_LADDERLOGIC_appendixi.pdf	529593B 14p	http=200	https://first-a-holics.com/wp-content/uploads/2021/12/1998-appendixi.pdf
OK   1998_LADDERLOGIC_appendixj.pdf	655989B 22p	http=200	https://first-a-holics.com/wp-content/uploads/2021/12/1998-appendixj.pdf
OK   1998_LADDERLOGIC_appendixk.pdf	180664B 6p	http=200	https://first-a-holics.com/wp-content/uploads/2021/12/1998-appendixk.pdf
OK   1998_LADDERLOGIC_appendixl.pdf	283758B 8p	http=200	https://first-a-holics.com/wp-content/uploads/2021/12/1998-appendixl.pdf
OK   1998_LADDERLOGIC_appendixm.pdf	3459966B 72p	http=200	https://first-a-holics.com/wp-content/uploads/2021/12/1998-appendixm.pdf
OK   1999_DOUBLETROUBLE_TheRobot.pdf	514406B 78p	http=200	https://first-a-holics.com/wp-content/uploads/2021/12/1999-TheRobot.pdf
OK   1999_DOUBLETROUBLE_TheRobot_AppendixH1.pdf	2379427B 27p	http=200	https://first-a-holics.com/wp-content/uploads/2021/12/1999-TheRobotAppendixH-1.pdf
OK   1999_DOUBLETROUBLE_TheRobot_AppendixH2.pdf	1624566B 20p	http=200	https://first-a-holics.com/wp-content/uploads/2021/12/1999-TheRobotAppendixH-2.pdf
OK   1999_DOUBLETROUBLE_Awards.pdf	78520B 37p	http=200	https://first-a-holics.com/wp-content/uploads/2021/12/1999-Awards.pdf
FAIL 2000_COOPERTITION_TheRobot.pdf	0 pages	http=200	https://first-a-holics.com/wp-content/uploads/2021/12/2000-TheRobot.pdf
FAIL 2000_COOPERTITION_RobotAppendixH_pt1.pdf	0 pages	http=200	https://first-a-holics.com/wp-content/uploads/2021/12/2000-RobotAppendixH-pt1.pdf
FAIL 2000_COOPERTITION_RobotAppendixH_pt3.pdf	0 pages	http=200	https://first-a-holics.com/wp-content/uploads/2021/12/2000-RobotAppendixH-pt3.pdf
FAIL 2000_COOPERTITION_RobotAppendixH_pt4.pdf	0 pages	http=200	https://first-a-holics.com/wp-content/uploads/2021/12/2000-RobotAppendixH-pt4.pdf
OK   2001_DIABOLICALDYNAMICS_TitlePage.pdf	6786B 1p	http=200	https://first-a-holics.com/wp-content/uploads/2021/12/2001-titlepage.pdf
OK   2001_DIABOLICALDYNAMICS_TableOfContents.pdf	27922B 5p	http=200	https://first-a-holics.com/wp-content/uploads/2021/12/2001-table-of-contents.pdf
OK   2001_DIABOLICALDYNAMICS_Administrative.pdf	23152B 7p	http=200	https://first-a-holics.com/wp-content/uploads/2021/12/2001-admin.pdf
OK   2001_DIABOLICALDYNAMICS_TheGame.pdf	85969B 16p	http=200	https://first-a-holics.com/wp-content/uploads/2021/12/2001-game.pdf
OK   2001_DIABOLICALDYNAMICS_TheAwards.pdf	78520B 37p	http=200	https://first-a-holics.com/wp-content/uploads/2021/12/2001-awards.pdf
OK   2001_DIABOLICALDYNAMICS_Regionals.pdf	33305B 11p	http=200	https://first-a-holics.com/wp-content/uploads/2021/12/2001-regionals.pdf
OK   2001_DIABOLICALDYNAMICS_Scholarships.pdf	87700B 26p	http=200	https://first-a-holics.com/wp-content/uploads/2021/12/2001-scholarships.pdf
OK   2001_DIABOLICALDYNAMICS_NationalChampionship_pt1.pdf	117772B 13p	http=200	https://first-a-holics.com/wp-content/uploads/2021/12/2001-nationals-pt1.pdf
OK   2001_DIABOLICALDYNAMICS_NationalChampionship_pt2.pdf	96850B 10p	http=200	https://first-a-holics.com/wp-content/uploads/2021/12/2001-nationals-pt2.pdf
OK   2001_DIABOLICALDYNAMICS_FieldBlueprint_p1.pdf	82863B 1p	http=200	https://first-a-holics.com/wp-content/uploads/2021/12/2001-blueprint-page1.pdf
OK   2001_DIABOLICALDYNAMICS_FieldBlueprint_p2.pdf	118610B 1p	http=200	https://first-a-holics.com/wp-content/uploads/2021/12/2001-blueprint-page2.pdf
OK   2001_DIABOLICALDYNAMICS_FieldBOM.pdf	12958B 1p	http=200	https://first-a-holics.com/wp-content/uploads/2021/12/2001-fieldbom.pdf
OK   2001_DIABOLICALDYNAMICS_TheRobot_pt1.pdf	118696B 37p	http=200	https://first-a-holics.com/wp-content/uploads/2021/12/2001-robot-pt1.pdf
OK   2001_DIABOLICALDYNAMICS_TheRobot_pt2.pdf	25204961B 21p	http=200	https://first-a-holics.com/wp-content/uploads/2021/12/2001-robot-pt2.pdf
OK   2001_DIABOLICALDYNAMICS_TheRobot_pt3.pdf	7281606B 28p	http=200	https://first-a-holics.com/wp-content/uploads/2021/12/2001-robot-pt3.pdf
OK   2001_DIABOLICALDYNAMICS_TheRobot_pt4.pdf	4332995B 28p	http=200	https://first-a-holics.com/wp-content/uploads/2021/12/2001-robot-pt4.pdf
OK   2001_DIABOLICALDYNAMICS_TheRobot_pt5.pdf	9154508B 14p	http=200	https://first-a-holics.com/wp-content/uploads/2021/12/2001-robot-pt5.pdf
OK   2001_DIABOLICALDYNAMICS_TheRobot_pt6.pdf	8787653B 11p	http=200	https://first-a-holics.com/wp-content/uploads/2021/12/2001-robot-pt6.pdf
OK   2001_DIABOLICALDYNAMICS_TheRobot_pt7.pdf	425600B 6p	http=200	https://first-a-holics.com/wp-content/uploads/2021/12/2001-robot-pt7.pdf
OK   2004_FIRSTFRENZY_Introduction.pdf	35569B 2p	http=200	https://first-a-holics.com/wp-content/uploads/2021/12/2004-1-Introduction-RevA-incorporated.pdf
OK   2004_FIRSTFRENZY_Scholarships.pdf	1113457B 88p	http=200	https://first-a-holics.com/wp-content/uploads/2021/12/2004-12-Scholarships.pdf
OK   2004_FIRSTFRENZY_Cover.pdf	181379B 2p	http=200	https://first-a-holics.com/wp-content/uploads/2021/12/2004-0-Cover.pdf
FAIL 2005_TRIPLEPLAY_AtTheEvents.pdf	not a PDF (10669B head=b'<!DOC')	http=200	https://first-a-holics.com/wp-content/uploads/2021/12/2005-Section_7_At_the_Events.pdf
OK   2006_AIMHIGH_Publisher.pdf	240851B 10p	http=200	https://first-a-holics.com/wp-content/uploads/2021/12/2006-10-Publisher.pdf
FAIL 2006_AIMHIGH_AdditionalMaterial.pdf	not a PDF (10735B head=b'<!DOC')	http=200	https://first-a-holics.com/wp-content/uploads/2021/12/2006-Additional_Material.pdf
OK   2005_TRIPLEPLAY_AtTheEvents.pdf	170741B 14p	http=200	https://web.archive.org/web/20050513042558id_/http://www2.usfirst.org/2005comp/Section_7_At_the_Events.pdf
OK   2005_TRIPLEPLAY_TheGame_revC.pdf	535638B 17p	http=200	https://web.archive.org/web/20051109143022id_/http://www2.usfirst.org/2005comp/Section_4-The_Game_rev_C.pdf
OK   2005_TRIPLEPLAY_TheArena_revB.pdf	444273B 8p	http=200	https://web.archive.org/web/20050519235038id_/http://www2.usfirst.org/2005comp/Section_3-The_Arena_rev_B.pdf
OK   2005_TRIPLEPLAY_TheRobot_revB.pdf	596251B 29p	http=200	https://web.archive.org/web/20050520055524id_/http://www2.usfirst.org/2005comp/Section_5-The_Robot_rev_B.pdf
OK   2005_TRIPLEPLAY_TheTournament_revC.pdf	234967B 9p	http=200	https://web.archive.org/web/20051109143824id_/http://www2.usfirst.org/2005comp/Section_8-The_Tournament_rev_C.pdf
OK   2007_RACKNROLL_Introduction_RevB.pdf	907164B 4p	http=200	https://first-a-holics.com/wp-content/uploads/2021/12/2007-0-Introduction_RevB.pdf
OK   2007_RACKNROLL_Communication.pdf	71308B 9p	http=200	https://first-a-holics.com/wp-content/uploads/2021/12/2007-1-Communication.pdf
OK   2007_RACKNROLL_TeamOrganization.pdf	100344B 8p	http=200	https://first-a-holics.com/wp-content/uploads/2021/12/2007-2-Team_Organization.pdf
OK   2007_RACKNROLL_AtTheEvents_RevA.pdf	225365B 21p	http=200	https://first-a-holics.com/wp-content/uploads/2021/12/2007-3-At-the-Events_RevA.pdf
OK   2007_RACKNROLL_RobotTransportation_RevC.pdf	358258B 22p	http=200	https://first-a-holics.com/wp-content/uploads/2021/12/2007-4-Robot_Transportation_RevC.pdf
OK   2007_RACKNROLL_Awards_RevB.pdf	205830B 18p	http=200	https://first-a-holics.com/wp-content/uploads/2021/12/2007-5-Awards_-RevB.pdf
OK   2007_RACKNROLL_TheArena_RevC.pdf	1081161B 8p	http=200	https://first-a-holics.com/wp-content/uploads/2021/12/2007-6-The_Arena_RevC.pdf
OK   2007_RACKNROLL_TheGame_RevG.pdf	632362B 13p	http=200	https://first-a-holics.com/wp-content/uploads/2021/12/2007-7-The_GameRev-G.pdf
OK   2007_RACKNROLL_TheRobot_RevG.pdf	707140B 29p	http=200	https://first-a-holics.com/wp-content/uploads/2021/12/2007-8-The_RobotRev-G.pdf
OK   2007_RACKNROLL_TheTournament_RevA.pdf	147700B 10p	http=200	https://first-a-holics.com/wp-content/uploads/2021/12/2007-9-The_Tournament_RevA.pdf
OK   2007_RACKNROLL_TheKitOfParts.pdf	125113B 4p	http=200	https://first-a-holics.com/wp-content/uploads/2021/12/2007-10-The_Kit_of_Parts.pdf
