SKIP	2006_AIMHIGH_S00_Introduction.pdf
SKIP	2006_AIMHIGH_S01_CommunicationRevd.pdf
SKIP	2006_AIMHIGH_S10_Publisher.pdf
SKIP	2006_AIMHIGH_S02_TeamOrg.pdf
SKIP	2006_AIMHIGH_S03_TheArenaRevB.pdf
SKIP	2006_AIMHIGH_S04_TheGameRevF.pdf
SKIP	2006_AIMHIGH_S05_TheRobotRevF.pdf
SKIP	2006_AIMHIGH_S06_RobotTransportationRevC.pdf
SKIP	2006_AIMHIGH_S07_AtTheEventsRevC.pdf
SKIP	2006_AIMHIGH_S08_TheTournamentRevB.pdf
SKIP	2006_AIMHIGH_S09_AwardsRevd.pdf
SKIP	2008_FIRSTOVERDRIVE_S00_IntroductionRevb.pdf
SKIP	2008_FIRSTOVERDRIVE_S01_CommunicationReva.pdf
SKIP	2008_FIRSTOVERDRIVE_S10_TheKitOfPartsRevb.pdf
SKIP	2008_FIRSTOVERDRIVE_S02_TeamOrganizationReva.pdf
SKIP	2008_FIRSTOVERDRIVE_S03_AtTheEventsRevc.pdf
SKIP	2008_FIRSTOVERDRIVE_S04_RobotTransportationReva.pdf
SKIP	2008_FIRSTOVERDRIVE_S05_AwardsRevc.pdf
SKIP	2008_FIRSTOVERDRIVE_S06_TheArenaRevb.pdf
SKIP	2008_FIRSTOVERDRIVE_S07_TheGameRevg.pdf
SKIP	2008_FIRSTOVERDRIVE_S08_TheRobotRevg.pdf
SKIP	2008_FIRSTOVERDRIVE_S09_TheTournamentRevd.pdf
SKIP	2009_LUNACY_S00_Introduction.pdf
SKIP	2009_LUNACY_S01_CommunicationRevB.pdf
SKIP	2009_LUNACY_S10_TheKitOfPartsRevA.pdf
SKIP	2009_LUNACY_S02_TeamOrganization.pdf
SKIP	2009_LUNACY_S03_AtTheEventsRevD.pdf
SKIP	2009_LUNACY_S04_RobotTransportationRevD.pdf
SKIP	2009_LUNACY_S05_TheAwards.pdf
SKIP	2009_LUNACY_S06_TheArenaRevA.pdf
SKIP	2009_LUNACY_S07_TheGameRevI.pdf
OK	2009_LUNACY_S08_TheRobotRevK.pdf	1154664	32pg	https://first-a-holics.com/wp-content/uploads/2021/12/2009-8-The-Robot-Rev-K.pdf
OK	2009_LUNACY_S09_TheTournamentRevB.pdf	146172	10pg	https://first-a-holics.com/wp-content/uploads/2021/12/2009-9-The-Tournament-Rev-B.pdf
OK	2010_BREAKAWAY_S00_Introduction.pdf	408041	5pg	https://first-a-holics.com/wp-content/uploads/2021/12/2010-00_Introduction.pdf
OK	2010_BREAKAWAY_S01_Communication.pdf	122066	7pg	https://first-a-holics.com/wp-content/uploads/2021/12/2010-01_Communication.pdf
OK	2010_BREAKAWAY_S02_TeamOrganization.pdf	155491	10pg	https://first-a-holics.com/wp-content/uploads/2021/12/2010-02_Team-Organization.pdf
OK	2010_BREAKAWAY_S03_AtTheEventsReva.pdf	182866	19pg	https://first-a-holics.com/wp-content/uploads/2021/12/2010-03_At-the-Events_RevA.pdf
OK	2010_BREAKAWAY_S04_RobotTransportationReva.pdf	329947	20pg	https://first-a-holics.com/wp-content/uploads/2021/12/2010-04_Robot-Transportation_RevA.pdf
OK	2010_BREAKAWAY_S05_AwardsReva.pdf	137527	10pg	https://first-a-holics.com/wp-content/uploads/2021/12/2010-05_Awards_RevA.pdf
OK	2010_BREAKAWAY_S06_TheArenaRevd.pdf	753694	10pg	https://first-a-holics.com/wp-content/uploads/2021/12/2010-06_The-Arena_RevD.pdf
OK	2010_BREAKAWAY_S07_TheGameRevk.pdf	340430	13pg	https://first-a-holics.com/wp-content/uploads/2021/12/2010-07_The-Game_RevK.pdf
OK	2010_BREAKAWAY_S08_TheRobotRevk.pdf	822355	33pg	https://first-a-holics.com/wp-content/uploads/2021/12/2010-08_The-Robot_RevK.pdf
OK	2010_BREAKAWAY_S09_TheTournamentReve.pdf	103877	10pg	https://first-a-holics.com/wp-content/uploads/2021/12/2010-09_The-Tournament_RevE.pdf
OK	2010_BREAKAWAY_S10_TheKitOfPartsReva.pdf	129218	6pg	https://first-a-holics.com/wp-content/uploads/2021/12/2010-10_The-Kit-Of-Parts_RevA.pdf
OK	2011_LOGOMOTION_S01_Introduction.pdf	643866	3pg	https://first-a-holics.com/wp-content/uploads/2021/12/2011-01-Introduction.pdf
OK	2011_LOGOMOTION_S01_IntroductionRevd.pdf	1663094	14pg	https://first-a-holics.com/wp-content/uploads/2021/12/2011-01-Introduction_RevD.pdf
OK	2011_LOGOMOTION_S02_Communication.pdf	497321	6pg	https://first-a-holics.com/wp-content/uploads/2021/12/2011-02-Communication.pdf
OK	2011_LOGOMOTION_S02_TheArenaRevd.pdf	960824	10pg	https://first-a-holics.com/wp-content/uploads/2021/12/2011-02-The-Arena_RevD.pdf
OK	2011_LOGOMOTION_S03_TeamOrganization.pdf	362720	10pg	https://first-a-holics.com/wp-content/uploads/2021/12/2011-03-Team-Organization.pdf
OK	2011_LOGOMOTION_S03_TheGameRevM.pdf	931985	12pg	https://first-a-holics.com/wp-content/uploads/2021/12/2011-03-The-Game-Rev-M.pdf
OK	2011_LOGOMOTION_S04_AtTheEventsRevc.pdf	393526	16pg	https://first-a-holics.com/wp-content/uploads/2021/12/2011-04-At-the-Events_RevC.pdf
OK	2011_LOGOMOTION_S04_TheRobotRevl.pdf	599515	34pg	https://first-a-holics.com/wp-content/uploads/2021/12/2011-04-The-Robot_RevL.pdf
OK	2011_LOGOMOTION_S05_RobotTransportation.pdf	119869	13pg	https://first-a-holics.com/wp-content/uploads/2021/12/2011-05-Robot-Transportation.pdf
OK	2011_LOGOMOTION_S05_TheTournamentRevC.pdf	322125	10pg	https://first-a-holics.com/wp-content/uploads/2021/12/2011-05-The-Tournament-Rev-C.pdf
OK	2011_LOGOMOTION_S06_Awards.pdf	192547	11pg	https://first-a-holics.com/wp-content/uploads/2021/12/2011-06-Awards.pdf
OK	2012_REBOUNDRUMBLE_Admin_S01_Introduction.pdf	246764	5pg	https://first-a-holics.com/wp-content/uploads/2021/12/2012-Admin-1-Introduction.pdf
OK	2012_REBOUNDRUMBLE_Admin_S02_Communication.pdf	180174	7pg	https://first-a-holics.com/wp-content/uploads/2021/12/2012-Admin-2-Communication.pdf
OK	2012_REBOUNDRUMBLE_Admin_S03_TeamOrganization.pdf	157757	9pg	https://first-a-holics.com/wp-content/uploads/2021/12/2012-Admin-3-Team-Organization.pdf
OK	2012_REBOUNDRUMBLE_Admin_S04_AtTheEvents.pdf	231534	17pg	https://first-a-holics.com/wp-content/uploads/2021/12/2012-Admin-4-At-The-Events.pdf
OK	2012_REBOUNDRUMBLE_Admin_S05_RobotTransportation.pdf	148467	9pg	https://first-a-holics.com/wp-content/uploads/2021/12/2012-Admin-5-Robot-Transportation.pdf
OK	2012_REBOUNDRUMBLE_Admin_S06_Awards.pdf	269880	24pg	https://first-a-holics.com/wp-content/uploads/2021/12/2012-Admin-6-Awards.pdf
OK	2012_REBOUNDRUMBLE_Game_S01_Introduction.pdf	168367	7pg	https://first-a-holics.com/wp-content/uploads/2021/12/2012-Game-1-Introduction.pdf
OK	2012_REBOUNDRUMBLE_Game_S02_TheArena.pdf	1173055	12pg	https://first-a-holics.com/wp-content/uploads/2021/12/2012-Game-2-The-Arena.pdf
OK	2012_REBOUNDRUMBLE_Game_S03_TheGame.pdf	544061	19pg	https://first-a-holics.com/wp-content/uploads/2021/12/2012-Game-3-The-Game.pdf
OK	2012_REBOUNDRUMBLE_Game_S04_TheRobot.pdf	800922	37pg	https://first-a-holics.com/wp-content/uploads/2021/12/2012-Game-4-The-Robot.pdf
OK	2012_REBOUNDRUMBLE_Game_S05_TheTournament.pdf	332250	16pg	https://first-a-holics.com/wp-content/uploads/2021/12/2012-Game-5-The-Tournament.pdf
OK	2012_REBOUNDRUMBLE_Game_S06_Glossary.pdf	124791	6pg	https://first-a-holics.com/wp-content/uploads/2021/12/2012-Game-6-Glossary.pdf
OK	2013_ULTIMATEASCENT_Admin_S01_Introduction.pdf	151546	5pg	https://first-a-holics.com/wp-content/uploads/2021/12/2013-Admin-1-Introduction.pdf
OK	2013_ULTIMATEASCENT_Admin_S02_Communication.pdf	180174	7pg	https://first-a-holics.com/wp-content/uploads/2021/12/2013-Admin-2-Communication.pdf
OK	2013_ULTIMATEASCENT_Admin_S03_TeamOrganization.pdf	157757	9pg	https://first-a-holics.com/wp-content/uploads/2021/12/2013-Admin-3-Team-Organization.pdf
OK	2013_ULTIMATEASCENT_Admin_S04_AtTheEvents.pdf	231534	17pg	https://first-a-holics.com/wp-content/uploads/2021/12/2013-Admin-4-At-The-Events.pdf
OK	2013_ULTIMATEASCENT_Admin_S05_RobotTransportation.pdf	148467	9pg	https://first-a-holics.com/wp-content/uploads/2021/12/2013-Admin-5-Robot-Transportation.pdf
OK	2013_ULTIMATEASCENT_Admin_S06_Awards.pdf	269880	24pg	https://first-a-holics.com/wp-content/uploads/2021/12/2013-Admin-6-Awards.pdf
OK	2013_ULTIMATEASCENT_Game_S01_Introduction.pdf	168367	7pg	https://first-a-holics.com/wp-content/uploads/2021/12/2013-Game-1-Introduction.pdf
OK	2013_ULTIMATEASCENT_Game_S02_TheArena.pdf	1173055	12pg	https://first-a-holics.com/wp-content/uploads/2021/12/2013-Game-2-The-Arena.pdf
OK	2013_ULTIMATEASCENT_Game_S03_TheGame.pdf	544061	19pg	https://first-a-holics.com/wp-content/uploads/2021/12/2013-Game-3-The-Game.pdf
OK	2013_ULTIMATEASCENT_Game_S04_TheRobot.pdf	800922	37pg	https://first-a-holics.com/wp-content/uploads/2021/12/2013-Game-4-The-Robot.pdf
OK	2013_ULTIMATEASCENT_Game_S05_TheTournament.pdf	332250	16pg	https://first-a-holics.com/wp-content/uploads/2021/12/2013-Game-5-The-Tournament.pdf
OK	2013_ULTIMATEASCENT_Game_S06_Glossary.pdf	124791	6pg	https://first-a-holics.com/wp-content/uploads/2021/12/2013-Game-6-Glossary.pdf
OK	2014_AERIALASSIST_Admin_S01_Introduction.pdf	150556	4pg	https://first-a-holics.com/wp-content/uploads/2021/12/2014-Admin-1-Introduction.pdf
OK	2014_AERIALASSIST_Admin_S02_Communication.pdf	348700	7pg	https://first-a-holics.com/wp-content/uploads/2021/12/2014-Admin-2-Communication.pdf
OK	2014_AERIALASSIST_Admin_S03_TeamOrganization.pdf	158451	9pg	https://first-a-holics.com/wp-content/uploads/2021/12/2014-Admin-3-Team-Organization.pdf
OK	2014_AERIALASSIST_Admin_S05_RobotTransportation.pdf	165730	10pg	https://first-a-holics.com/wp-content/uploads/2021/12/2014-Admin-5-Robot-Transportation.pdf
OK	2014_AERIALASSIST_Admin_S06_Awards.pdf	313920	31pg	https://first-a-holics.com/wp-content/uploads/2021/12/2014-Admin-6-Awards.pdf
OK	2014_AERIALASSIST_Game_S01_Summary.pdf	442001	3pg	https://first-a-holics.com/wp-content/uploads/2021/12/2014-Game-1-Summary.pdf
OK	2014_AERIALASSIST_Game_S02_TheArena.pdf	1730977	14pg	https://first-a-holics.com/wp-content/uploads/2021/12/2014-Game-2-The-Arena.pdf
OK	2014_AERIALASSIST_Game_S03_TheGame.pdf	765729	24pg	https://first-a-holics.com/wp-content/uploads/2021/12/2014-Game-3-The-Game.pdf
OK	2014_AERIALASSIST_Game_S04_TheRobot.pdf	1871662	45pg	https://first-a-holics.com/wp-content/uploads/2021/12/2014-Game-4-The-Robot.pdf
OK	2014_AERIALASSIST_Game_S05_TheTournament.pdf	355891	18pg	https://first-a-holics.com/wp-content/uploads/2021/12/2014-Game-5-The-Tournament.pdf
OK	2014_AERIALASSIST_Game_S06_Glossary.pdf	129783	7pg	https://first-a-holics.com/wp-content/uploads/2021/12/2014-Game-6-Glossary.pdf
OK	2019_DESTINATIONDEEPSPACE_EventRulesManual.pdf	390792	10pg	https://first-a-holics.com/wp-content/uploads/2021/12/2019-EventRulesManual.pdf
#DONE ok=60 bad=0
