OK   2026_TeamUpdates/TeamUpdate04.pdf  (145 KB)  https://firstfrc.blob.core.windows.net/frc2026/Manual/TeamUpdates/REBUILT_TeamUpdate04.pdf
OK   2026_TeamUpdates/TeamUpdate00.pdf  (188 KB)  https://firstfrc.blob.core.windows.net/frc2026/Manual/TeamUpdates/2026TeamUpdate00.pdf
OK   2026_TeamUpdates/TeamUpdate01.pdf  (188 KB)  https://firstfrc.blob.core.windows.net/frc2026/Manual/TeamUpdates/REBUILT_TeamUpdate01.pdf
OK   2026_TeamUpdates/TeamUpdate02.pdf  (170 KB)  https://firstfrc.blob.core.windows.net/frc2026/Manual/TeamUpdates/REBUILT_TeamUpdate02.pdf
OK   2026_TeamUpdates/TeamUpdate03.pdf  (183 KB)  https://firstfrc.blob.core.windows.net/frc2026/Manual/TeamUpdates/REBUILT_TeamUpdate03.pdf
OK   2026_TeamUpdates/TeamUpdate06.pdf  (180 KB)  https://firstfrc.blob.core.windows.net/frc2026/Manual/TeamUpdates/REBUILT_TeamUpdate06.pdf
OK   2026_TeamUpdates/TeamUpdate07.pdf  (132 KB)  https://firstfrc.blob.core.windows.net/frc2026/Manual/TeamUpdates/REBUILT_TeamUpdate07.pdf
OK   2026_TeamUpdates/TeamUpdate05.pdf  (187 KB)  https://firstfrc.blob.core.windows.net/frc2026/Manual/TeamUpdates/REBUILT_TeamUpdate05.pdf
OK   2026_TeamUpdates/TeamUpdate10.pdf  (105 KB)  https://firstfrc.blob.core.windows.net/frc2026/Manual/TeamUpdates/REBUILT_TeamUpdate10.pdf
OK   2026_TeamUpdates/TeamUpdate08.pdf  (171 KB)  https://firstfrc.blob.core.windows.net/frc2026/Manual/TeamUpdates/REBUILT_TeamUpdate08.pdf
OK   2026_TeamUpdates/TeamUpdate11.pdf  (150 KB)  https://firstfrc.blob.core.windows.net/frc2026/Manual/TeamUpdates/REBUILT_TeamUpdate11.pdf
OK   2026_TeamUpdates/TeamUpdate09.pdf  (162 KB)  https://firstfrc.blob.core.windows.net/frc2026/Manual/TeamUpdates/REBUILT_TeamUpdate09.pdf
OK   2026_TeamUpdates/TeamUpdate12.pdf  (173 KB)  https://firstfrc.blob.core.windows.net/frc2026/Manual/TeamUpdates/REBUILT_TeamUpdate12.pdf
OK   2026_TeamUpdates/TeamUpdate14.pdf  (186 KB)  https://firstfrc.blob.core.windows.net/frc2026/Manual/TeamUpdates/REBUILT_TeamUpdate14.pdf
OK   2026_TeamUpdates/TeamUpdate15.pdf  (150 KB)  https://firstfrc.blob.core.windows.net/frc2026/Manual/TeamUpdates/REBUILT_TeamUpdate15.pdf
OK   2026_TeamUpdates/TeamUpdate16.pdf  (131 KB)  https://firstfrc.blob.core.windows.net/frc2026/Manual/TeamUpdates/REBUILT_TeamUpdate16.pdf
OK   2026_TeamUpdates/TeamUpdate17.pdf  (126 KB)  https://firstfrc.blob.core.windows.net/frc2026/Manual/TeamUpdates/REBUILT_TeamUpdate17.pdf
OK   2026_TeamUpdates/TeamUpdate18.pdf  (138 KB)  https://firstfrc.blob.core.windows.net/frc2026/Manual/TeamUpdates/REBUILT_TeamUpdate18.pdf
OK   2026_TeamUpdates/TeamUpdate20.pdf  (92 KB)  https://firstfrc.blob.core.windows.net/frc2026/Manual/TeamUpdates/REBUILT_TeamUpdate20.pdf
OK   2026_TeamUpdates/TeamUpdate19.pdf  (182 KB)  https://firstfrc.blob.core.windows.net/frc2026/Manual/TeamUpdates/REBUILT_TeamUpdate19.pdf
OK   2026_TeamUpdates/TeamUpdate13.pdf  (245 KB)  https://firstfrc.blob.core.windows.net/frc2026/Manual/TeamUpdates/REBUILT_TeamUpdate13.pdf
OK   2026_TeamUpdates/TeamUpdate21.pdf  (91 KB)  https://firstfrc.blob.core.windows.net/frc2026/Manual/TeamUpdates/REBUILT_TeamUpdate21.pdf
OK   2026_TeamUpdates/TeamUpdate22.pdf  (168 KB)  https://firstfrc.blob.core.windows.net/frc2026/Manual/TeamUpdates/REBUILT_TeamUpdate22.pdf
OK   2019_TeamUpdates/TeamUpdate02.pdf  (135 KB)  https://firstfrc.blob.core.windows.net/frc2019/Manual/TeamUpdates/TeamUpdate02.pdf
OK   2019_TeamUpdates/TeamUpdate04.pdf  (103 KB)  https://firstfrc.blob.core.windows.net/frc2019/Manual/TeamUpdates/TeamUpdate04.pdf
OK   2019_TeamUpdates/TeamUpdate05.pdf  (23 KB)  https://firstfrc.blob.core.windows.net/frc2019/Manual/TeamUpdates/TeamUpdate05.pdf
OK   2019_TeamUpdates/TeamUpdate03.pdf  (421 KB)  https://firstfrc.blob.core.windows.net/frc2019/Manual/TeamUpdates/TeamUpdate03.pdf
OK   2019_TeamUpdates/TeamUpdate01.pdf  (943 KB)  https://firstfrc.blob.core.windows.net/frc2019/Manual/TeamUpdates/TeamUpdate01.pdf
OK   2019_TeamUpdates/TeamUpdate06.pdf  (146 KB)  https://firstfrc.blob.core.windows.net/frc2019/Manual/TeamUpdates/TeamUpdate06.pdf
OK   2026_TeamUpdates/TeamUpdate-Combined_ALL.pdf  (1406 KB)  https://firstfrc.blob.core.windows.net/frc2026/Manual/TeamUpdates/REBUILT_TeamUpdate-Combined.pdf
OK   2019_TeamUpdates/TeamUpdate07.pdf  (60 KB)  https://firstfrc.blob.core.windows.net/frc2019/Manual/TeamUpdates/TeamUpdate07.pdf
OK   2025_TeamUpdates/TeamUpdate-Combined_ALL.pdf  (1162 KB)  https://firstfrc.blob.core.windows.net/frc2025/Manual/TeamUpdates/TeamUpdate-Combined.pdf
OK   2019_TeamUpdates/TeamUpdate09.pdf  (36 KB)  https://firstfrc.blob.core.windows.net/frc2019/Manual/TeamUpdates/TeamUpdate09.pdf
OK   2019_TeamUpdates/TeamUpdate10.pdf  (51 KB)  https://firstfrc.blob.core.windows.net/frc2019/Manual/TeamUpdates/TeamUpdate10.pdf
OK   2019_TeamUpdates/TeamUpdate08.pdf  (140 KB)  https://firstfrc.blob.core.windows.net/frc2019/Manual/TeamUpdates/TeamUpdate08.pdf
OK   2019_TeamUpdates/TeamUpdate11.pdf  (93 KB)  https://firstfrc.blob.core.windows.net/frc2019/Manual/TeamUpdates/TeamUpdate11.pdf
OK   2019_TeamUpdates/TeamUpdate12.pdf  (95 KB)  https://firstfrc.blob.core.windows.net/frc2019/Manual/TeamUpdates/TeamUpdate12.pdf
OK   2019_TeamUpdates/TeamUpdate14.pdf  (73 KB)  https://firstfrc.blob.core.windows.net/frc2019/Manual/TeamUpdates/TeamUpdate14.pdf
OK   2019_TeamUpdates/TeamUpdate13.pdf  (119 KB)  https://firstfrc.blob.core.windows.net/frc2019/Manual/TeamUpdates/TeamUpdate13.pdf
OK   2019_TeamUpdates/TeamUpdate16.pdf  (101 KB)  https://firstfrc.blob.core.windows.net/frc2019/Manual/TeamUpdates/TeamUpdate16.pdf
OK   2019_TeamUpdates/TeamUpdate17.pdf  (84 KB)  https://firstfrc.blob.core.windows.net/frc2019/Manual/TeamUpdates/TeamUpdate17.pdf
OK   2019_TeamUpdates/TeamUpdate15.pdf  (138 KB)  https://firstfrc.blob.core.windows.net/frc2019/Manual/TeamUpdates/TeamUpdate15.pdf
OK   2019_TeamUpdates/TeamUpdate19.pdf  (22 KB)  https://firstfrc.blob.core.windows.net/frc2019/Manual/TeamUpdates/TeamUpdate19.pdf
OK   2019_TeamUpdates/TeamUpdate18.pdf  (69 KB)  https://firstfrc.blob.core.windows.net/frc2019/Manual/TeamUpdates/TeamUpdate18.pdf
OK   2019_TeamUpdates/TeamUpdate20.pdf  (85 KB)  https://firstfrc.blob.core.windows.net/frc2019/Manual/TeamUpdates/TeamUpdate20.pdf
FAIL [404] https://firstfrc.blob.core.windows.net/frc2019/Manual/TeamUpdates/TeamUpdate22.pdf
OK   2019_TeamUpdates/TeamUpdate21.pdf  (69 KB)  https://firstfrc.blob.core.windows.net/frc2019/Manual/TeamUpdates/TeamUpdate21.pdf
FAIL [404] https://firstfrc.blob.core.windows.net/frc2019/Manual/TeamUpdates/TeamUpdate23.pdf
FAIL [404] https://firstfrc.blob.core.windows.net/frc2019/Manual/TeamUpdates/TeamUpdate24.pdf
FAIL [404] https://firstfrc.blob.core.windows.net/frc2019/Manual/TeamUpdates/TeamUpdate25.pdf
OK   2020_TeamUpdates/TeamUpdate01.pdf  (395 KB)  https://firstfrc.blob.core.windows.net/frc2020/Manual/TeamUpdates/TeamUpdate01.pdf
OK   2020_TeamUpdates/TeamUpdate02.pdf  (219 KB)  https://firstfrc.blob.core.windows.net/frc2020/Manual/TeamUpdates/TeamUpdate02.pdf
OK   2020_TeamUpdates/TeamUpdate04.pdf  (163 KB)  https://firstfrc.blob.core.windows.net/frc2020/Manual/TeamUpdates/TeamUpdate04.pdf
OK   2020_TeamUpdates/TeamUpdate03.pdf  (318 KB)  https://firstfrc.blob.core.windows.net/frc2020/Manual/TeamUpdates/TeamUpdate03.pdf
OK   2020_TeamUpdates/TeamUpdate05.pdf  (352 KB)  https://firstfrc.blob.core.windows.net/frc2020/Manual/TeamUpdates/TeamUpdate05.pdf
OK   2020_TeamUpdates/TeamUpdate07.pdf  (176 KB)  https://firstfrc.blob.core.windows.net/frc2020/Manual/TeamUpdates/TeamUpdate07.pdf
OK   2020_TeamUpdates/TeamUpdate06.pdf  (147 KB)  https://firstfrc.blob.core.windows.net/frc2020/Manual/TeamUpdates/TeamUpdate06.pdf
OK   2020_TeamUpdates/TeamUpdate08.pdf  (142 KB)  https://firstfrc.blob.core.windows.net/frc2020/Manual/TeamUpdates/TeamUpdate08.pdf
OK   2020_TeamUpdates/TeamUpdate09.pdf  (103 KB)  https://firstfrc.blob.core.windows.net/frc2020/Manual/TeamUpdates/TeamUpdate09.pdf
OK   2020_TeamUpdates/TeamUpdate11.pdf  (133 KB)  https://firstfrc.blob.core.windows.net/frc2020/Manual/TeamUpdates/TeamUpdate11.pdf
OK   2020_TeamUpdates/TeamUpdate10.pdf  (267 KB)  https://firstfrc.blob.core.windows.net/frc2020/Manual/TeamUpdates/TeamUpdate10.pdf
OK   2020_TeamUpdates/TeamUpdate14.pdf  (190 KB)  https://firstfrc.blob.core.windows.net/frc2020/Manual/TeamUpdates/TeamUpdate14.pdf
OK   2020_TeamUpdates/TeamUpdate12.pdf  (134 KB)  https://firstfrc.blob.core.windows.net/frc2020/Manual/TeamUpdates/TeamUpdate12.pdf
OK   2020_TeamUpdates/TeamUpdate13.pdf  (267 KB)  https://firstfrc.blob.core.windows.net/frc2020/Manual/TeamUpdates/TeamUpdate13.pdf
OK   2020_TeamUpdates/TeamUpdate15.pdf  (194 KB)  https://firstfrc.blob.core.windows.net/frc2020/Manual/TeamUpdates/TeamUpdate15.pdf
FAIL [404] https://firstfrc.blob.core.windows.net/frc2020/Manual/TeamUpdates/TeamUpdate18.pdf
OK   2020_TeamUpdates/TeamUpdate16.pdf  (182 KB)  https://firstfrc.blob.core.windows.net/frc2020/Manual/TeamUpdates/TeamUpdate16.pdf
FAIL [404] https://firstfrc.blob.core.windows.net/frc2020/Manual/TeamUpdates/TeamUpdate19.pdf
OK   2020_TeamUpdates/TeamUpdate17.pdf  (158 KB)  https://firstfrc.blob.core.windows.net/frc2020/Manual/TeamUpdates/TeamUpdate17.pdf
FAIL [404] https://firstfrc.blob.core.windows.net/frc2020/Manual/TeamUpdates/TeamUpdate20.pdf
FAIL [404] https://firstfrc.blob.core.windows.net/frc2020/Manual/TeamUpdates/TeamUpdate21.pdf
FAIL [404] https://firstfrc.blob.core.windows.net/frc2020/Manual/TeamUpdates/TeamUpdate22.pdf
FAIL [404] https://firstfrc.blob.core.windows.net/frc2020/Manual/TeamUpdates/TeamUpdate23.pdf
FAIL [404] https://firstfrc.blob.core.windows.net/frc2020/Manual/TeamUpdates/TeamUpdate24.pdf
FAIL [404] https://firstfrc.blob.core.windows.net/frc2020/Manual/TeamUpdates/TeamUpdate25.pdf
OK   2026_FieldAcceptanceChecklist_Welded.pdf  (198 KB)  https://firstfrc.blob.core.windows.net/frc2026/FieldAssets/2026-field-acceptance-welded.pdf
OK   2026_FieldAcceptanceChecklist_AndyMark.pdf  (172 KB)  https://firstfrc.blob.core.windows.net/frc2026/FieldAssets/2026-field-acceptance-am.pdf
OK   2025_FieldLayoutAndMarkingDiagram.pdf  (1878 KB)  https://firstfrc.blob.core.windows.net/frc2025/FieldAssets/2025FieldDrawings-FieldLayoutAndMarking.pdf
OK   2024_AprilTag_Images_and_User_Guide.pdf  (1108 KB)  https://firstfrc.blob.core.windows.net/frc2024/FieldAssets/Apriltag_Images_and_User_Guide.pdf
OK   2025_GameManual_HTML.htm  (1105 KB)  https://firstfrc.blob.core.windows.net/frc2025/Manual/HTML/2025GameManual.htm
OK   2026_AprilTag_Images_and_User_Guide.pdf  (4901 KB)  https://firstfrc.blob.core.windows.net/frc2026/FieldAssets/2026-apriltag-images-user-guide.pdf
OK   2024_GameManual_HTML.htm  (918 KB)  https://firstfrc.blob.core.windows.net/frc2024/Manual/HTML/2024GameManual.htm
OK   2024_LayoutAndMarkingDiagram.pdf  (1859 KB)  https://firstfrc.blob.core.windows.net/frc2024/FieldAssets/2024LayoutMarkingDiagram.pdf
OK   2025_AprilTag_Images_and_User_Guide.pdf  (4217 KB)  https://firstfrc.blob.core.windows.net/frc2025/FieldAssets/Apriltag_Images_and_User_Guide.pdf
OK   2026_GameManual_HTML.htm  (1182 KB)  https://firstfrc.blob.core.windows.net/frc2026/Manual/HTML/2026GameManual.htm
OK   2026_FieldManual.pdf  (36239 KB)  https://firstfrc.blob.core.windows.net/frc2026/FieldAssets/field-manual.pdf
OK   2026_FieldDimensionDrawings.pdf  (29125 KB)  https://firstfrc.blob.core.windows.net/frc2026/FieldAssets/2026-field-dimension-dwgs.pdf
OK   2025_QAExport_OFFICIAL.pdf  (450 KB)  https://firstfrc.blob.core.windows.net/frc2025/FRC2025REEFSCAPE-QandAExport.pdf
OK   2026_QA/2026_QAExport_OFFICIAL.pdf  (669 KB)  https://firstfrc.blob.core.windows.net/frc2026/FRC2026REBUILT-QandAExport.pdf
OK   2022_QAExport_OFFICIAL.pdf  (674 KB)  https://firstfrc.blob.core.windows.net/frc2022/FRC2022RapidReact-QandAExport.pdf
OK   2024_QAExport_OFFICIAL.pdf  (968 KB)  https://firstfrc.blob.core.windows.net/frc2024/FRC2024CRESCENDO-QandAExport.pdf
OK   2021_QAExport_OFFICIAL.pdf  (773 KB)  https://firstfrc.blob.core.windows.net/frc2021/Manual/FRCQA-2021InfiniteRecharge.pdf
OK   2023_QAExport_OFFICIAL.pdf  (1032 KB)  https://firstfrc.blob.core.windows.net/frc2023/FRC2023CHARGEDUP-QandAExport.pdf
OK   2024_TeamUpdates/TeamUpdate-Combined_ALL.pdf  (1606 KB)  https://firstfrc.blob.core.windows.net/frc2024/Manual/TeamUpdates/TeamUpdates-combined.pdf
OK   2022_TeamUpdates/TeamUpdate-Combined_ALL.pdf  (2309 KB)  https://firstfrc.blob.core.windows.net/frc2022/Manual/TeamUpdates/TeamUpdates-combined.pdf
OK   2023_InspectionChecklist.pdf  (375 KB)  https://firstfrc.blob.core.windows.net/frc2023/Manual/2023-inspection-checklist.pdf
OK   2023_TeamUpdates/TeamUpdate-Combined_ALL.pdf  (4476 KB)  https://firstfrc.blob.core.windows.net/frc2023/Manual/TeamUpdates/TeamUpdates-combined.pdf
OK   2022_InspectionChecklist.pdf  (215 KB)  https://firstfrc.blob.core.windows.net/frc2022/Manual/2022-inspection-checklist.pdf
OK   2020_TeamUpdates/TeamUpdate-Combined_ALL.pdf  (1701 KB)  https://firstfrc.blob.core.windows.net/frc2020/Manual/TeamUpdates/TeamUpdates-combined.pdf
OK   2019_TeamUpdates/TeamUpdate-Combined_ALL.pdf  (2269 KB)  https://firstfrc.blob.core.windows.net/frc2019/Manual/TeamUpdates/TeamUpdates-combined.pdf
OK   2022_InspectionChecklist_Abbreviated.pdf  (182 KB)  https://firstfrc.blob.core.windows.net/frc2022/Manual/2022-abbreviated-inspection-checklist.pdf
OK   2021_TeamUpdates/TeamUpdate-Combined_ALL.pdf  (3512 KB)  https://firstfrc.blob.core.windows.net/frc2021/Manual/TeamUpdates/2021TeamUpdates-combined.pdf
OK   2020_InspectionChecklist.pdf  (376 KB)  https://firstfrc.blob.core.windows.net/frc2020/Manual/2020-inspection-checklist.pdf
OK   2026_PlayoffAllianceCommunication_Championship.pdf  (213 KB)  https://firstfrc.blob.core.windows.net/frc2026/Manual/champs-playoff-alliance-communication.pdf
OK   2026_PlayoffAllianceCommunication.pdf  (217 KB)  https://firstfrc.blob.core.windows.net/frc2026/Manual/playoff-alliance-communication.pdf
OK   2019_InspectionChecklist.pdf  (375 KB)  https://firstfrc.blob.core.windows.net/frc2019/AuxDocx/2019FRCInspectionChecklist.pdf
OK   2026_FuelCounterAssessment.pdf  (220 KB)  https://firstfrc.blob.core.windows.net/frc2026/FieldAssets/2026-fuel-counter-assessment.pdf
OK   KOP/2026_KOPChecklist-SeasonSpecificBox.pdf  (492 KB)  https://firstfrc.blob.core.windows.net/frc2026/KOP/2026-checklist-season-specific-box.pdf
OK   KOP/2025_KOPChecklist-SeasonSpecificBox.pdf  (235 KB)  https://firstfrc.blob.core.windows.net/frc2025/KOP/2025KOPChecklist-SeasonSpecificBox.pdf
OK   KOP/2026_KOPChecklist-BlackTote.pdf  (958 KB)  https://firstfrc.blob.core.windows.net/frc2026/KOP/2026-checklist-black-tote.pdf
OK   KOP/2025_KOPChecklist-BlackTote.pdf  (887 KB)  https://firstfrc.blob.core.windows.net/frc2025/KOP/2025KOPChecklist-BlackTote.pdf
OK   KOP/2026_KOPChecklist-GrayTote.pdf  (1238 KB)  https://firstfrc.blob.core.windows.net/frc2026/KOP/2026-checklist-gray-tote.pdf
OK   KOP/2025_KOPChecklist-GrayTote.pdf  (639 KB)  https://firstfrc.blob.core.windows.net/frc2025/KOP/2025KOPChecklist-GrayTote.pdf
OK   KOP/2025_KOPChecklist-DriveBaseKit.pdf  (1189 KB)  https://firstfrc.blob.core.windows.net/frc2025/KOP/2025KOPChecklist-DriveBaseKit.pdf
OK   KOP/2024_KOPChecklist-SeasonSpecificBox.pdf  (1020 KB)  https://firstfrc.blob.core.windows.net/frc2024/KOP/2024KOPChecklist-SeasonSpecificBox.pdf
OK   KOP/2023_KOPChecklist-SeasonSpecificBox.pdf  (828 KB)  https://firstfrc.blob.core.windows.net/frc2023/KOP/2023KOPChecklist-SeasonSpecificBox.pdf
OK   2019_QAExport_OFFICIAL.pdf  (17717 KB)  https://firstfrc.blob.core.windows.net/frc2019/2019_QA_Full_Archive.pdf
OK   KOP/2022_KOPChecklist-BlackTote.pdf  (1501 KB)  https://firstfrc.blob.core.windows.net/frc2022/KitofParts/2022KOPChecklist-BlackTote.pdf
OK   2022_FieldDrawings-Evergreen.pdf  (3861 KB)  https://firstfrc.blob.core.windows.net/frc2022/FieldAssets/2022FieldDrawings-Evergreen.pdf
OK   2020_FieldDrawings-Evergreen.pdf  (4987 KB)  https://firstfrc.blob.core.windows.net/frc2020/PlayingField/2020FieldDrawings-Evergreen.pdf
OK   2022_FieldDrawings-GameSpecific.pdf  (14183 KB)  https://firstfrc.blob.core.windows.net/frc2022/FieldAssets/2022FieldDrawings-RAPIDREACTSpecific.pdf
OK   2021_FieldDrawings-GameSpecific.pdf  (22250 KB)  https://firstfrc.blob.core.windows.net/frc2021/PlayingField/2021FieldDrawings-SeasonSpecific.pdf
OK   2020_FieldDrawings-GameSpecific.pdf  (22977 KB)  https://firstfrc.blob.core.windows.net/frc2020/PlayingField/2020FieldDrawing-SeasonSpecific.pdf
OK   2023_FieldDrawings-Evergreen.pdf  (3851 KB)  https://firstfrc.blob.core.windows.net/frc2023/FieldAssets/2023FieldDrawings-Evergreen.pdf
OK   2023_LayoutAndMarkingDiagram.pdf  (8739 KB)  https://firstfrc.blob.core.windows.net/frc2023/FieldAssets/2023LayoutMarkingDiagram.pdf
OK   2023_FieldDrawings-GameSpecific.pdf  (35399 KB)  https://firstfrc.blob.core.windows.net/frc2023/FieldAssets/2023FieldDrawings-CHARGEDUPSpecific.pdf
OK   crossseason/FIRST_SafetyManual.pdf  (508 KB)  https://www.firstinspires.org/hubfs/web/program/all/safety-manual.pdf
OK   crossseason/FRC_JudgeManual.pdf  (1054 KB)  https://info.firstinspires.org/hubfs/web/program/frc/awards/judge-manual.pdf
OK   crossseason/FRC_KickoffGameBreakdownWorksheet.pdf  (118 KB)  https://www.firstinspires.org/hubfs/web/program/frc/resources/kickoff-breakdown-worksheet.pdf
OK   crossseason/FRC_ScoringAnalysis.pdf  (164 KB)  https://www.firstinspires.org/hubfs/lms/frc-guided-experience/m7/scoring-analysis-pdf.pdf
OK   crossseason/FRC_KickoffInstructions.pdf  (402 KB)  https://www.firstinspires.org/hubfs/web/program/frc/reg/kickoff-instructions.pdf
OK   crossseason/FRC_EffectiveStrategies.pdf  (3996 KB)  https://www.firstinspires.org/hubfs/web/program/frc/resources/effective-strategies.pdf
OK   crossseason/FRC_PneumaticsManual.pdf  (1152 KB)  https://www.firstinspires.org/hubfs/web/program/frc/resources/pneumatics-manual.pdf
OK   crossseason/FRC_BumperGuide.pdf  (3368 KB)  https://www.firstinspires.org/hubfs/web/program/frc/resources/bumper-guide.pdf
OK   crossseason/FRC_AwardsBestPracticesForTeams.pdf  (246 KB)  https://www.firstinspires.org/hubfs/web/program/frc/awards/best-practices-for-teams.pdf
OK   crossseason/FRC_AwardWorkbook.pdf  (286 KB)  https://www.firstinspires.org/hubfs/web/program/frc/awards/award-workbook.pdf
OK   crossseason/FRC_InsideLookAtJudgingProcess.pdf  (236 KB)  https://www.firstinspires.org/hubfs/web/program/frc/awards/inside-look-at-judging-process.pdf
OK   crossseason/FRC_ImpactAwardJudgingGuidelines.pdf  (277 KB)  https://www.firstinspires.org/hubfs/web/program/frc/awards/fia-judging-guidelines.pdf
OK   crossseason/FRC_LeadershipAwardJudgingGuidelines.pdf  (268 KB)  https://www.firstinspires.org/hubfs/web/program/frc/awards/dla-judging-guidelines.pdf
OK   crossseason/FRC_FIRSTLeadershipAwardGuide.pdf  (858 KB)  https://www.firstinspires.org/hubfs/web/program/frc/awards/fla-guide.pdf
OK   2021_TeamUpdates/TeamUpdate04.pdf  (122 KB)  https://firstfrc.blob.core.windows.net/frc2021/Manual/TeamUpdates/2021TeamUpdate04.pdf
OK   2021_TeamUpdates/TeamUpdate01.pdf  (195 KB)  https://firstfrc.blob.core.windows.net/frc2021/Manual/TeamUpdates/2021TeamUpdate01.pdf
OK   2021_TeamUpdates/TeamUpdate03.pdf  (175 KB)  https://firstfrc.blob.core.windows.net/frc2021/Manual/TeamUpdates/2021TeamUpdate03.pdf
OK   2021_TeamUpdates/TeamUpdate05.pdf  (207 KB)  https://firstfrc.blob.core.windows.net/frc2021/Manual/TeamUpdates/2021TeamUpdate05.pdf
OK   2021_TeamUpdates/TeamUpdate07.pdf  (160 KB)  https://firstfrc.blob.core.windows.net/frc2021/Manual/TeamUpdates/2021TeamUpdate07.pdf
OK   2021_TeamUpdates/TeamUpdate02.pdf  (340 KB)  https://firstfrc.blob.core.windows.net/frc2021/Manual/TeamUpdates/2021TeamUpdate02.pdf
OK   2021_TeamUpdates/TeamUpdate06.pdf  (361 KB)  https://firstfrc.blob.core.windows.net/frc2021/Manual/TeamUpdates/2021TeamUpdate06.pdf
OK   2021_TeamUpdates/TeamUpdate00.pdf  (970 KB)  https://firstfrc.blob.core.windows.net/frc2021/Manual/TeamUpdates/2021TeamUpdate00.pdf
OK   2021_TeamUpdates/TeamUpdate08.pdf  (118 KB)  https://firstfrc.blob.core.windows.net/frc2021/Manual/TeamUpdates/2021TeamUpdate08.pdf
OK   2021_TeamUpdates/TeamUpdate10.pdf  (118 KB)  https://firstfrc.blob.core.windows.net/frc2021/Manual/TeamUpdates/2021TeamUpdate10.pdf
OK   2021_TeamUpdates/TeamUpdate11.pdf  (118 KB)  https://firstfrc.blob.core.windows.net/frc2021/Manual/TeamUpdates/2021TeamUpdate11.pdf
OK   2021_TeamUpdates/TeamUpdate09.pdf  (169 KB)  https://firstfrc.blob.core.windows.net/frc2021/Manual/TeamUpdates/2021TeamUpdate09.pdf
OK   2021_TeamUpdates/TeamUpdate13.pdf  (231 KB)  https://firstfrc.blob.core.windows.net/frc2021/Manual/TeamUpdates/2021TeamUpdate13.pdf
OK   2021_TeamUpdates/TeamUpdate12.pdf  (320 KB)  https://firstfrc.blob.core.windows.net/frc2021/Manual/TeamUpdates/2021TeamUpdate12.pdf
OK   2021_TeamUpdates/TeamUpdate15.pdf  (96 KB)  https://firstfrc.blob.core.windows.net/frc2021/Manual/TeamUpdates/2021TeamUpdate15.pdf
OK   2021_TeamUpdates/TeamUpdate14.pdf  (232 KB)  https://firstfrc.blob.core.windows.net/frc2021/Manual/TeamUpdates/2021TeamUpdate14.pdf
FAIL [404] https://firstfrc.blob.core.windows.net/frc2021/Manual/TeamUpdates/2021TeamUpdate20.pdf
FAIL [404] https://firstfrc.blob.core.windows.net/frc2021/Manual/TeamUpdates/2021TeamUpdate21.pdf
FAIL [404] https://firstfrc.blob.core.windows.net/frc2021/Manual/TeamUpdates/2021TeamUpdate22.pdf
OK   2021_TeamUpdates/TeamUpdate17.pdf  (124 KB)  https://firstfrc.blob.core.windows.net/frc2021/Manual/TeamUpdates/2021TeamUpdate17.pdf
FAIL [404] https://firstfrc.blob.core.windows.net/frc2021/Manual/TeamUpdates/2021TeamUpdate23.pdf
OK   2021_TeamUpdates/TeamUpdate18.pdf  (156 KB)  https://firstfrc.blob.core.windows.net/frc2021/Manual/TeamUpdates/2021TeamUpdate18.pdf
OK   2021_TeamUpdates/TeamUpdate19.pdf  (107 KB)  https://firstfrc.blob.core.windows.net/frc2021/Manual/TeamUpdates/2021TeamUpdate19.pdf
FAIL [404] https://firstfrc.blob.core.windows.net/frc2021/Manual/TeamUpdates/2021TeamUpdate24.pdf
FAIL [404] https://firstfrc.blob.core.windows.net/frc2021/Manual/TeamUpdates/2021TeamUpdate25.pdf
OK   2019_FieldDrawings.pdf  (440 KB)  https://firstfrc.blob.core.windows.net/frc2019/Playing%20Field.pdf
OK   2021_TeamUpdates/TeamUpdate16.pdf  (238 KB)  https://firstfrc.blob.core.windows.net/frc2021/Manual/TeamUpdates/2021TeamUpdate16.pdf
