OK    2026_REBUILT_GameManual.pdf  (4939 KB)  https://firstfrc.blob.core.windows.net/frc2026/Manual/2026GameManual.pdf
OK    2025_REEFSCAPE_GameManual.pdf  (9746 KB)  https://firstfrc.blob.core.windows.net/frc2025/Manual/2025GameManual.pdf
OK    2024_CRESCENDO_GameManual.pdf  (6555 KB)  https://firstfrc.blob.core.windows.net/frc2024/Manual/2024GameManual.pdf
OK    2023_CHARGEDUP_GameManual.pdf  (10293 KB)  https://firstfrc.blob.core.windows.net/frc2023/Manual/2023FRCGameManual.pdf
OK    2022_RAPIDREACT_GameManual.pdf  (7375 KB)  https://firstfrc.blob.core.windows.net/frc2022/Manual/2022FRCGameManual.pdf
miss  [404 215b] https://firstfrc.blob.core.windows.net/frc2021/Manual/2021GameManual.pdf
OK    2021_INFINITERECHARGE_2021FRCGameManual.pdf  (5819 KB)  https://firstfrc.blob.core.windows.net/frc2021/Manual/2021FRCGameManual.pdf
OK    2020_INFINITERECHARGE_GameManual.pdf  (8214 KB)  https://firstfrc.blob.core.windows.net/frc2020/Manual/2020FRCGameSeasonManual.pdf
OK    2019_DESTINATIONDEEPSPACE_GameManual.pdf  (5373 KB)  https://firstfrc.blob.core.windows.net/frc2019/Manual/2019FRCGameSeasonManual.pdf
OK    2018_POWERUP_GameManual.pdf  (4299 KB)  https://firstfrc.blob.core.windows.net/frc2018/Manual/2018FRCGameSeasonManual.pdf
OK    2017_STEAMWORKS_GameManual.pdf  (11173 KB)  https://firstfrc.blob.core.windows.net/frc2017/Manual/2017FRCGameSeasonManual.pdf
miss  [404 215b] https://firstfrc.blob.core.windows.net/frc2022/Manual/TeamUpdates/TeamUpdate00.pdf
OK    TeamUpdate01.pdf  (562 KB)  https://firstfrc.blob.core.windows.net/frc2022/Manual/TeamUpdates/TeamUpdate01.pdf
OK    TeamUpdate02.pdf  (227 KB)  https://firstfrc.blob.core.windows.net/frc2022/Manual/TeamUpdates/TeamUpdate02.pdf
OK    TeamUpdate03.pdf  (182 KB)  https://firstfrc.blob.core.windows.net/frc2022/Manual/TeamUpdates/TeamUpdate03.pdf
OK    TeamUpdate04.pdf  (160 KB)  https://firstfrc.blob.core.windows.net/frc2022/Manual/TeamUpdates/TeamUpdate04.pdf
OK    TeamUpdate05.pdf  (86 KB)  https://firstfrc.blob.core.windows.net/frc2022/Manual/TeamUpdates/TeamUpdate05.pdf
OK    TeamUpdate06.pdf  (131 KB)  https://firstfrc.blob.core.windows.net/frc2022/Manual/TeamUpdates/TeamUpdate06.pdf
OK    TeamUpdate07.pdf  (170 KB)  https://firstfrc.blob.core.windows.net/frc2022/Manual/TeamUpdates/TeamUpdate07.pdf
OK    TeamUpdate08.pdf  (119 KB)  https://firstfrc.blob.core.windows.net/frc2022/Manual/TeamUpdates/TeamUpdate08.pdf
OK    TeamUpdate09.pdf  (202 KB)  https://firstfrc.blob.core.windows.net/frc2022/Manual/TeamUpdates/TeamUpdate09.pdf
OK    TeamUpdate10.pdf  (140 KB)  https://firstfrc.blob.core.windows.net/frc2022/Manual/TeamUpdates/TeamUpdate10.pdf
OK    TeamUpdate11.pdf  (124 KB)  https://firstfrc.blob.core.windows.net/frc2022/Manual/TeamUpdates/TeamUpdate11.pdf
OK    TeamUpdate12.pdf  (132 KB)  https://firstfrc.blob.core.windows.net/frc2022/Manual/TeamUpdates/TeamUpdate12.pdf
OK    TeamUpdate13.pdf  (191 KB)  https://firstfrc.blob.core.windows.net/frc2022/Manual/TeamUpdates/TeamUpdate13.pdf
OK    TeamUpdate14.pdf  (200 KB)  https://firstfrc.blob.core.windows.net/frc2022/Manual/TeamUpdates/TeamUpdate14.pdf
OK    TeamUpdate15.pdf  (116 KB)  https://firstfrc.blob.core.windows.net/frc2022/Manual/TeamUpdates/TeamUpdate15.pdf
OK    TeamUpdate16.pdf  (113 KB)  https://firstfrc.blob.core.windows.net/frc2022/Manual/TeamUpdates/TeamUpdate16.pdf
OK    TeamUpdate17.pdf  (210 KB)  https://firstfrc.blob.core.windows.net/frc2022/Manual/TeamUpdates/TeamUpdate17.pdf
OK    TeamUpdate18.pdf  (80 KB)  https://firstfrc.blob.core.windows.net/frc2022/Manual/TeamUpdates/TeamUpdate18.pdf
OK    TeamUpdate19.pdf  (283 KB)  https://firstfrc.blob.core.windows.net/frc2022/Manual/TeamUpdates/TeamUpdate19.pdf
OK    TeamUpdate20.pdf  (88 KB)  https://firstfrc.blob.core.windows.net/frc2022/Manual/TeamUpdates/TeamUpdate20.pdf
OK    TeamUpdate21.pdf  (156 KB)  https://firstfrc.blob.core.windows.net/frc2022/Manual/TeamUpdates/TeamUpdate21.pdf
miss  [404 215b] https://firstfrc.blob.core.windows.net/frc2022/Manual/TeamUpdates/TeamUpdate22.pdf
miss  [404 215b] https://firstfrc.blob.core.windows.net/frc2022/Manual/TeamUpdates/TeamUpdate23.pdf
miss  [404 215b] https://firstfrc.blob.core.windows.net/frc2022/Manual/TeamUpdates/TeamUpdate24.pdf
miss  [404 215b] https://firstfrc.blob.core.windows.net/frc2022/Manual/TeamUpdates/TeamUpdate25.pdf
OK    TeamUpdate00.pdf  (484 KB)  https://firstfrc.blob.core.windows.net/frc2023/Manual/TeamUpdates/TeamUpdate00.pdf
OK    TeamUpdate01.pdf  (365 KB)  https://firstfrc.blob.core.windows.net/frc2023/Manual/TeamUpdates/TeamUpdate01.pdf
OK    TeamUpdate02.pdf  (604 KB)  https://firstfrc.blob.core.windows.net/frc2023/Manual/TeamUpdates/TeamUpdate02.pdf
OK    TeamUpdate03.pdf  (364 KB)  https://firstfrc.blob.core.windows.net/frc2023/Manual/TeamUpdates/TeamUpdate03.pdf
OK    TeamUpdate04.pdf  (318 KB)  https://firstfrc.blob.core.windows.net/frc2023/Manual/TeamUpdates/TeamUpdate04.pdf
OK    TeamUpdate05.pdf  (317 KB)  https://firstfrc.blob.core.windows.net/frc2023/Manual/TeamUpdates/TeamUpdate05.pdf
OK    TeamUpdate06.pdf  (374 KB)  https://firstfrc.blob.core.windows.net/frc2023/Manual/TeamUpdates/TeamUpdate06.pdf
OK    TeamUpdate07.pdf  (261 KB)  https://firstfrc.blob.core.windows.net/frc2023/Manual/TeamUpdates/TeamUpdate07.pdf
OK    TeamUpdate08.pdf  (184 KB)  https://firstfrc.blob.core.windows.net/frc2023/Manual/TeamUpdates/TeamUpdate08.pdf
OK    TeamUpdate09.pdf  (453 KB)  https://firstfrc.blob.core.windows.net/frc2023/Manual/TeamUpdates/TeamUpdate09.pdf
OK    TeamUpdate10.pdf  (160 KB)  https://firstfrc.blob.core.windows.net/frc2023/Manual/TeamUpdates/TeamUpdate10.pdf
OK    TeamUpdate11.pdf  (331 KB)  https://firstfrc.blob.core.windows.net/frc2023/Manual/TeamUpdates/TeamUpdate11.pdf
OK    TeamUpdate12.pdf  (183 KB)  https://firstfrc.blob.core.windows.net/frc2023/Manual/TeamUpdates/TeamUpdate12.pdf
OK    TeamUpdate13.pdf  (184 KB)  https://firstfrc.blob.core.windows.net/frc2023/Manual/TeamUpdates/TeamUpdate13.pdf
OK    TeamUpdate14.pdf  (540 KB)  https://firstfrc.blob.core.windows.net/frc2023/Manual/TeamUpdates/TeamUpdate14.pdf
OK    TeamUpdate15.pdf  (191 KB)  https://firstfrc.blob.core.windows.net/frc2023/Manual/TeamUpdates/TeamUpdate15.pdf
OK    TeamUpdate16.pdf  (227 KB)  https://firstfrc.blob.core.windows.net/frc2023/Manual/TeamUpdates/TeamUpdate16.pdf
OK    TeamUpdate17.pdf  (279 KB)  https://firstfrc.blob.core.windows.net/frc2023/Manual/TeamUpdates/TeamUpdate17.pdf
OK    TeamUpdate18.pdf  (260 KB)  https://firstfrc.blob.core.windows.net/frc2023/Manual/TeamUpdates/TeamUpdate18.pdf
OK    TeamUpdate19.pdf  (162 KB)  https://firstfrc.blob.core.windows.net/frc2023/Manual/TeamUpdates/TeamUpdate19.pdf
OK    TeamUpdate20.pdf  (328 KB)  https://firstfrc.blob.core.windows.net/frc2023/Manual/TeamUpdates/TeamUpdate20.pdf
OK    TeamUpdate21.pdf  (499 KB)  https://firstfrc.blob.core.windows.net/frc2023/Manual/TeamUpdates/TeamUpdate21.pdf
miss  [404 215b] https://firstfrc.blob.core.windows.net/frc2023/Manual/TeamUpdates/TeamUpdate22.pdf
miss  [404 215b] https://firstfrc.blob.core.windows.net/frc2023/Manual/TeamUpdates/TeamUpdate23.pdf
miss  [404 215b] https://firstfrc.blob.core.windows.net/frc2023/Manual/TeamUpdates/TeamUpdate24.pdf
miss  [404 215b] https://firstfrc.blob.core.windows.net/frc2023/Manual/TeamUpdates/TeamUpdate25.pdf
OK    TeamUpdate00.pdf  (255 KB)  https://firstfrc.blob.core.windows.net/frc2024/Manual/TeamUpdates/TeamUpdate00.pdf
OK    TeamUpdate01.pdf  (466 KB)  https://firstfrc.blob.core.windows.net/frc2024/Manual/TeamUpdates/TeamUpdate01.pdf
OK    TeamUpdate02.pdf  (400 KB)  https://firstfrc.blob.core.windows.net/frc2024/Manual/TeamUpdates/TeamUpdate02.pdf
OK    TeamUpdate03.pdf  (192 KB)  https://firstfrc.blob.core.windows.net/frc2024/Manual/TeamUpdates/TeamUpdate03.pdf
OK    TeamUpdate04.pdf  (202 KB)  https://firstfrc.blob.core.windows.net/frc2024/Manual/TeamUpdates/TeamUpdate04.pdf
OK    TeamUpdate05.pdf  (252 KB)  https://firstfrc.blob.core.windows.net/frc2024/Manual/TeamUpdates/TeamUpdate05.pdf
OK    TeamUpdate06.pdf  (135 KB)  https://firstfrc.blob.core.windows.net/frc2024/Manual/TeamUpdates/TeamUpdate06.pdf
OK    TeamUpdate07.pdf  (199 KB)  https://firstfrc.blob.core.windows.net/frc2024/Manual/TeamUpdates/TeamUpdate07.pdf
OK    TeamUpdate08.pdf  (158 KB)  https://firstfrc.blob.core.windows.net/frc2024/Manual/TeamUpdates/TeamUpdate08.pdf
OK    TeamUpdate09.pdf  (114 KB)  https://firstfrc.blob.core.windows.net/frc2024/Manual/TeamUpdates/TeamUpdate09.pdf
OK    TeamUpdate10.pdf  (165 KB)  https://firstfrc.blob.core.windows.net/frc2024/Manual/TeamUpdates/TeamUpdate10.pdf
OK    TeamUpdate11.pdf  (198 KB)  https://firstfrc.blob.core.windows.net/frc2024/Manual/TeamUpdates/TeamUpdate11.pdf
OK    TeamUpdate12.pdf  (125 KB)  https://firstfrc.blob.core.windows.net/frc2024/Manual/TeamUpdates/TeamUpdate12.pdf
OK    TeamUpdate13.pdf  (151 KB)  https://firstfrc.blob.core.windows.net/frc2024/Manual/TeamUpdates/TeamUpdate13.pdf
OK    TeamUpdate14.pdf  (147 KB)  https://firstfrc.blob.core.windows.net/frc2024/Manual/TeamUpdates/TeamUpdate14.pdf
OK    TeamUpdate15.pdf  (125 KB)  https://firstfrc.blob.core.windows.net/frc2024/Manual/TeamUpdates/TeamUpdate15.pdf
OK    TeamUpdate16.pdf  (140 KB)  https://firstfrc.blob.core.windows.net/frc2024/Manual/TeamUpdates/TeamUpdate16.pdf
OK    TeamUpdate17.pdf  (134 KB)  https://firstfrc.blob.core.windows.net/frc2024/Manual/TeamUpdates/TeamUpdate17.pdf
OK    TeamUpdate18.pdf  (370 KB)  https://firstfrc.blob.core.windows.net/frc2024/Manual/TeamUpdates/TeamUpdate18.pdf
OK    TeamUpdate19.pdf  (173 KB)  https://firstfrc.blob.core.windows.net/frc2024/Manual/TeamUpdates/TeamUpdate19.pdf
OK    TeamUpdate20.pdf  (84 KB)  https://firstfrc.blob.core.windows.net/frc2024/Manual/TeamUpdates/TeamUpdate20.pdf
OK    TeamUpdate21.pdf  (175 KB)  https://firstfrc.blob.core.windows.net/frc2024/Manual/TeamUpdates/TeamUpdate21.pdf
miss  [404 215b] https://firstfrc.blob.core.windows.net/frc2024/Manual/TeamUpdates/TeamUpdate22.pdf
miss  [404 215b] https://firstfrc.blob.core.windows.net/frc2024/Manual/TeamUpdates/TeamUpdate23.pdf
miss  [404 215b] https://firstfrc.blob.core.windows.net/frc2024/Manual/TeamUpdates/TeamUpdate24.pdf
miss  [404 215b] https://firstfrc.blob.core.windows.net/frc2024/Manual/TeamUpdates/TeamUpdate25.pdf
OK    TeamUpdate00.pdf  (194 KB)  https://firstfrc.blob.core.windows.net/frc2025/Manual/TeamUpdates/TeamUpdate00.pdf
OK    TeamUpdate01.pdf  (395 KB)  https://firstfrc.blob.core.windows.net/frc2025/Manual/TeamUpdates/TeamUpdate01.pdf
OK    TeamUpdate02.pdf  (205 KB)  https://firstfrc.blob.core.windows.net/frc2025/Manual/TeamUpdates/TeamUpdate02.pdf
OK    TeamUpdate03.pdf  (175 KB)  https://firstfrc.blob.core.windows.net/frc2025/Manual/TeamUpdates/TeamUpdate03.pdf
OK    TeamUpdate04.pdf  (100 KB)  https://firstfrc.blob.core.windows.net/frc2025/Manual/TeamUpdates/TeamUpdate04.pdf
OK    TeamUpdate05.pdf  (119 KB)  https://firstfrc.blob.core.windows.net/frc2025/Manual/TeamUpdates/TeamUpdate05.pdf
OK    TeamUpdate06.pdf  (101 KB)  https://firstfrc.blob.core.windows.net/frc2025/Manual/TeamUpdates/TeamUpdate06.pdf
OK    TeamUpdate07.pdf  (101 KB)  https://firstfrc.blob.core.windows.net/frc2025/Manual/TeamUpdates/TeamUpdate07.pdf
OK    TeamUpdate08.pdf  (168 KB)  https://firstfrc.blob.core.windows.net/frc2025/Manual/TeamUpdates/TeamUpdate08.pdf
OK    TeamUpdate09.pdf  (159 KB)  https://firstfrc.blob.core.windows.net/frc2025/Manual/TeamUpdates/TeamUpdate09.pdf
OK    TeamUpdate10.pdf  (117 KB)  https://firstfrc.blob.core.windows.net/frc2025/Manual/TeamUpdates/TeamUpdate10.pdf
OK    TeamUpdate11.pdf  (129 KB)  https://firstfrc.blob.core.windows.net/frc2025/Manual/TeamUpdates/TeamUpdate11.pdf
OK    TeamUpdate12.pdf  (126 KB)  https://firstfrc.blob.core.windows.net/frc2025/Manual/TeamUpdates/TeamUpdate12.pdf
OK    TeamUpdate13.pdf  (180 KB)  https://firstfrc.blob.core.windows.net/frc2025/Manual/TeamUpdates/TeamUpdate13.pdf
OK    TeamUpdate14.pdf  (168 KB)  https://firstfrc.blob.core.windows.net/frc2025/Manual/TeamUpdates/TeamUpdate14.pdf
OK    TeamUpdate15.pdf  (91 KB)  https://firstfrc.blob.core.windows.net/frc2025/Manual/TeamUpdates/TeamUpdate15.pdf
OK    TeamUpdate16.pdf  (119 KB)  https://firstfrc.blob.core.windows.net/frc2025/Manual/TeamUpdates/TeamUpdate16.pdf
OK    TeamUpdate17.pdf  (118 KB)  https://firstfrc.blob.core.windows.net/frc2025/Manual/TeamUpdates/TeamUpdate17.pdf
OK    TeamUpdate18.pdf  (155 KB)  https://firstfrc.blob.core.windows.net/frc2025/Manual/TeamUpdates/TeamUpdate18.pdf
OK    TeamUpdate19.pdf  (104 KB)  https://firstfrc.blob.core.windows.net/frc2025/Manual/TeamUpdates/TeamUpdate19.pdf
OK    TeamUpdate20.pdf  (208 KB)  https://firstfrc.blob.core.windows.net/frc2025/Manual/TeamUpdates/TeamUpdate20.pdf
OK    TeamUpdate21.pdf  (119 KB)  https://firstfrc.blob.core.windows.net/frc2025/Manual/TeamUpdates/TeamUpdate21.pdf
miss  [404 215b] https://firstfrc.blob.core.windows.net/frc2025/Manual/TeamUpdates/TeamUpdate22.pdf
miss  [404 215b] https://firstfrc.blob.core.windows.net/frc2025/Manual/TeamUpdates/TeamUpdate23.pdf
miss  [404 215b] https://firstfrc.blob.core.windows.net/frc2025/Manual/TeamUpdates/TeamUpdate24.pdf
miss  [404 215b] https://firstfrc.blob.core.windows.net/frc2025/Manual/TeamUpdates/TeamUpdate25.pdf
miss  [404 215b] https://firstfrc.blob.core.windows.net/frc2026/Manual/TeamUpdates/TeamUpdate00.pdf
miss  [404 215b] https://firstfrc.blob.core.windows.net/frc2026/Manual/TeamUpdates/TeamUpdate01.pdf
miss  [404 215b] https://firstfrc.blob.core.windows.net/frc2026/Manual/TeamUpdates/TeamUpdate02.pdf
miss  [404 215b] https://firstfrc.blob.core.windows.net/frc2026/Manual/TeamUpdates/TeamUpdate03.pdf
miss  [404 215b] https://firstfrc.blob.core.windows.net/frc2026/Manual/TeamUpdates/TeamUpdate04.pdf
miss  [404 215b] https://firstfrc.blob.core.windows.net/frc2026/Manual/TeamUpdates/TeamUpdate05.pdf
miss  [404 215b] https://firstfrc.blob.core.windows.net/frc2026/Manual/TeamUpdates/TeamUpdate06.pdf
miss  [404 215b] https://firstfrc.blob.core.windows.net/frc2026/Manual/TeamUpdates/TeamUpdate07.pdf
miss  [404 215b] https://firstfrc.blob.core.windows.net/frc2026/Manual/TeamUpdates/TeamUpdate08.pdf
miss  [404 215b] https://firstfrc.blob.core.windows.net/frc2026/Manual/TeamUpdates/TeamUpdate09.pdf
miss  [404 215b] https://firstfrc.blob.core.windows.net/frc2026/Manual/TeamUpdates/TeamUpdate10.pdf
miss  [404 215b] https://firstfrc.blob.core.windows.net/frc2026/Manual/TeamUpdates/TeamUpdate11.pdf
miss  [404 215b] https://firstfrc.blob.core.windows.net/frc2026/Manual/TeamUpdates/TeamUpdate12.pdf
miss  [404 215b] https://firstfrc.blob.core.windows.net/frc2026/Manual/TeamUpdates/TeamUpdate13.pdf
miss  [404 215b] https://firstfrc.blob.core.windows.net/frc2026/Manual/TeamUpdates/TeamUpdate14.pdf
miss  [404 215b] https://firstfrc.blob.core.windows.net/frc2026/Manual/TeamUpdates/TeamUpdate15.pdf
miss  [404 215b] https://firstfrc.blob.core.windows.net/frc2026/Manual/TeamUpdates/TeamUpdate16.pdf
miss  [404 215b] https://firstfrc.blob.core.windows.net/frc2026/Manual/TeamUpdates/TeamUpdate17.pdf
miss  [404 215b] https://firstfrc.blob.core.windows.net/frc2026/Manual/TeamUpdates/TeamUpdate18.pdf
miss  [404 215b] https://firstfrc.blob.core.windows.net/frc2026/Manual/TeamUpdates/TeamUpdate19.pdf
miss  [404 215b] https://firstfrc.blob.core.windows.net/frc2026/Manual/TeamUpdates/TeamUpdate20.pdf
miss  [404 215b] https://firstfrc.blob.core.windows.net/frc2026/Manual/TeamUpdates/TeamUpdate21.pdf
miss  [404 215b] https://firstfrc.blob.core.windows.net/frc2026/Manual/TeamUpdates/TeamUpdate22.pdf
miss  [404 215b] https://firstfrc.blob.core.windows.net/frc2026/Manual/TeamUpdates/TeamUpdate23.pdf
miss  [404 215b] https://firstfrc.blob.core.windows.net/frc2026/Manual/TeamUpdates/TeamUpdate24.pdf
miss  [404 215b] https://firstfrc.blob.core.windows.net/frc2026/Manual/TeamUpdates/TeamUpdate25.pdf
OK    2024_InspectionChecklist.pdf  (426 KB)  https://firstfrc.blob.core.windows.net/frc2024/Manual/2024FRCInspectionChecklist.pdf
OK    2024_FieldDrawings.pdf  (24223 KB)  https://firstfrc.blob.core.windows.net/frc2024/FieldAssets/2024FieldDrawings.pdf
miss  [404 215b] https://firstfrc.blob.core.windows.net/frc2024/FieldAssets/LayoutandMarking.pdf
OK    2025_InspectionChecklist.pdf  (146 KB)  https://firstfrc.blob.core.windows.net/frc2025/Manual/2025FRCInspectionChecklist.pdf
OK    2025_FieldDrawings.pdf  (11388 KB)  https://firstfrc.blob.core.windows.net/frc2025/FieldAssets/2025FieldDrawings.pdf
miss  [404 215b] https://firstfrc.blob.core.windows.net/frc2025/FieldAssets/LayoutandMarking.pdf
OK    2026_InspectionChecklist.pdf  (148 KB)  https://firstfrc.blob.core.windows.net/frc2026/Manual/2026FRCInspectionChecklist.pdf
miss  [404 215b] https://firstfrc.blob.core.windows.net/frc2026/FieldAssets/2026FieldDrawings.pdf
miss  [404 215b] https://firstfrc.blob.core.windows.net/frc2026/FieldAssets/LayoutandMarking.pdf
